digraph G_testns {
	rankdir=TD;
	0->1[ style=invis ];
	1->2[ style=invis ];
	2->3[ style=invis ];
	3->4[ style=invis ];
	4->5[ style=invis ];
	5->6[ style=invis ];
	0->1[ style=invis ];
	1->2[ style=invis ];
	2->3[ style=invis ];
	3->4[ style=invis ];
	4->5[ style=invis ];
	5->6[ style=invis ];
	subgraph cluster_testns {
	label=<<TABLE BORDER="0"><TR><TD><IMG SRC="/testdir/icons/ns-128.png" /></TD></TR><TR><TD>testns</TD></TR></TABLE>>;
	labeljust=l;
	style=dotted;
	subgraph rank_0 {
	rank=same;
	style=invis;
	0 [ height=0, margin=0, style=invis, width=0 ];

}
;
	subgraph rank_1 {
	rank=same;
	style=invis;
	1 [ height=0, margin=0, style=invis, width=0 ];

}
;
	subgraph rank_2 {
	rank=same;
	style=invis;
	2 [ height=0, margin=0, style=invis, width=0 ];

}
;
	subgraph rank_3 {
	rank=same;
	style=invis;
	3 [ height=0, margin=0, style=invis, width=0 ];

}
;
	subgraph rank_4 {
	rank=same;
	style=invis;
	4 [ height=0, margin=0, style=invis, width=0 ];

}
;
	subgraph rank_5 {
	rank=same;
	style=invis;
	5 [ height=0, margin=0, style=invis, width=0 ];

}
;
	subgraph rank_6 {
	rank=same;
	style=invis;
	6 [ height=0, margin=0, style=invis, width=0 ];

}
;

}
;

}
