digraph G_testns {
	rankdir=TD;
	0->1[ style=invis ];
	1->2[ style=invis ];
	2->3[ style=invis ];
	3->4[ style=invis ];
	4->5[ style=invis ];
	5->6[ style=invis ];
	sts_sts1->pod_sts1_pod1[ style=dashed ];
	sts_sts1->pod_sts1_pod2[ style=dashed ];
	sts_sts1->pod_sts1_pod3[ style=dashed ];
	pod_sts1_pod1->pvc_sts1_pvc1[ dir=none ];
	pod_sts1_pod2->pvc_sts1_pvc2[ dir=none ];
	pod_sts1_pod3->pvc_sts1_pvc3[ dir=none ];
	0->1[ style=invis ];
	1->2[ style=invis ];
	2->3[ style=invis ];
	3->4[ style=invis ];
	4->5[ style=invis ];
	5->6[ style=invis ];
	sts_sts1->pod_sts1_pod1[ style=dashed ];
	sts_sts1->pod_sts1_pod2[ style=dashed ];
	sts_sts1->pod_sts1_pod3[ style=dashed ];
	pod_sts1_pod1->pvc_sts1_pvc1[ dir=none ];
	pod_sts1_pod2->pvc_sts1_pvc2[ dir=none ];
	pod_sts1_pod3->pvc_sts1_pvc3[ dir=none ];
	subgraph cluster_testns {
	label=<<TABLE BORDER="0"><TR><TD><IMG SRC="/testdir/icons/ns-128.png" /></TD></TR><TR><TD>testns</TD></TR></TABLE>>;
	labeljust=l;
	style=dotted;
	subgraph rank_0 {
	rank=same;
	style=invis;
	0 [ height=0, margin=0, style=invis, width=0 ];

}
;
	subgraph rank_1 {
	rank=same;
	style=invis;
	1 [ height=0, margin=0, style=invis, width=0 ];

}
;
	subgraph rank_2 {
	rank=same;
	style=invis;
	2 [ height=0, margin=0, style=invis, width=0 ];
	sts_sts1 [ label=<<TABLE BORDER="0"><TR><TD><IMG SRC="/testdir/icons/sts-128.png" /></TD></TR><TR><TD>sts1</TD></TR></TABLE>>, penwidth=0 ];

}
;
	subgraph rank_3 {
	rank=same;
	style=invis;
	3 [ height=0, margin=0, style=invis, width=0 ];
	pod_sts1_pod1 [ label=<<TABLE BORDER="0"><TR><TD><IMG SRC="/testdir/icons/pod-128.png" /></TD></TR><TR><TD>sts1-pod1</TD></TR></TABLE>>, penwidth=0 ];
	pod_sts1_pod2 [ label=<<TABLE BORDER="0"><TR><TD><IMG SRC="/testdir/icons/pod-128.png" /></TD></TR><TR><TD>sts1-pod2</TD></TR></TABLE>>, penwidth=0 ];
	pod_sts1_pod3 [ label=<<TABLE BORDER="0"><TR><TD><IMG SRC="/testdir/icons/pod-128.png" /></TD></TR><TR><TD>sts1-pod3</TD></TR></TABLE>>, penwidth=0 ];

}
;
	subgraph rank_4 {
	rank=same;
	style=invis;
	4 [ height=0, margin=0, style=invis, width=0 ];
	pvc_sts1_pvc1 [ label=<<TABLE BORDER="0"><TR><TD><IMG SRC="/testdir/icons/pvc-128.png" /></TD></TR><TR><TD>sts1-pvc1</TD></TR></TABLE>>, penwidth=0 ];
	pvc_sts1_pvc2 [ label=<<TABLE BORDER="0"><TR><TD><IMG SRC="/testdir/icons/pvc-128.png" /></TD></TR><TR><TD>sts1-pvc2</TD></TR></TABLE>>, penwidth=0 ];
	pvc_sts1_pvc3 [ label=<<TABLE BORDER="0"><TR><TD><IMG SRC="/testdir/icons/pvc-128.png" /></TD></TR><TR><TD>sts1-pvc3</TD></TR></TABLE>>, penwidth=0 ];

}
;
	subgraph rank_5 {
	rank=same;
	style=invis;
	5 [ height=0, margin=0, style=invis, width=0 ];

}
;
	subgraph rank_6 {
	rank=same;
	style=invis;
	6 [ height=0, margin=0, style=invis, width=0 ];

}
;

}
;

}
