digraph G_testns {
	rankdir=TD;
	0->1[ style=invis ];
	1->2[ style=invis ];
	2->3[ style=invis ];
	3->4[ style=invis ];
	4->5[ style=invis ];
	5->6[ style=invis ];
	rs_rs1->pod_rs1_pod1[ style=dashed ];
	rs_rs1->pod_rs1_pod2[ style=dashed ];
	rs_rs1->pod_rs1_pod3[ style=dashed ];
	deploy_deploy1->rs_rs1[ style=dashed ];
	hpa_hpa1->deploy_deploy1[ style=dashed ];
	pod_rs1_pod1->svc_svc1[ dir=back ];
	pod_rs1_pod2->svc_svc1[ dir=back ];
	pod_rs1_pod3->svc_svc1[ dir=back ];
	svc_svc1->ing_ing1[ dir=back ];
	0->1[ style=invis ];
	1->2[ style=invis ];
	2->3[ style=invis ];
	3->4[ style=invis ];
	4->5[ style=invis ];
	5->6[ style=invis ];
	rs_rs1->pod_rs1_pod1[ style=dashed ];
	rs_rs1->pod_rs1_pod2[ style=dashed ];
	rs_rs1->pod_rs1_pod3[ style=dashed ];
	deploy_deploy1->rs_rs1[ style=dashed ];
	hpa_hpa1->deploy_deploy1[ style=dashed ];
	pod_rs1_pod1->svc_svc1[ dir=back ];
	pod_rs1_pod2->svc_svc1[ dir=back ];
	pod_rs1_pod3->svc_svc1[ dir=back ];
	svc_svc1->ing_ing1[ dir=back ];
	subgraph cluster_testns {
	label=<<TABLE BORDER="0"><TR><TD><IMG SRC="/testdir/icons/ns-128.png" /></TD></TR><TR><TD>testns</TD></TR></TABLE>>;
	labeljust=l;
	style=dotted;
	subgraph rank_0 {
	rank=same;
	style=invis;
	0 [ height=0, margin=0, style=invis, width=0 ];
	hpa_hpa1 [ label=<<TABLE BORDER="0"><TR><TD><IMG SRC="/testdir/icons/hpa-128.png" /></TD></TR><TR><TD>hpa1</TD></TR></TABLE>>, penwidth=0 ];

}
;
	subgraph rank_1 {
	rank=same;
	style=invis;
	1 [ height=0, margin=0, style=invis, width=0 ];
	deploy_deploy1 [ label=<<TABLE BORDER="0"><TR><TD><IMG SRC="/testdir/icons/deploy-128.png" /></TD></TR><TR><TD>deploy1</TD></TR></TABLE>>, penwidth=0 ];

}
;
	subgraph rank_2 {
	rank=same;
	style=invis;
	2 [ height=0, margin=0, style=invis, width=0 ];
	rs_rs1 [ label=<<TABLE BORDER="0"><TR><TD><IMG SRC="/testdir/icons/rs-128.png" /></TD></TR><TR><TD>rs1</TD></TR></TABLE>>, penwidth=0 ];

}
;
	subgraph rank_3 {
	rank=same;
	style=invis;
	3 [ height=0, margin=0, style=invis, width=0 ];
	pod_rs1_pod1 [ label=<<TABLE BORDER="0"><TR><TD><IMG SRC="/testdir/icons/pod-128.png" /></TD></TR><TR><TD>rs1-pod1</TD></TR></TABLE>>, penwidth=0 ];
	pod_rs1_pod2 [ label=<<TABLE BORDER="0"><TR><TD><IMG SRC="/testdir/icons/pod-128.png" /></TD></TR><TR><TD>rs1-pod2</TD></TR></TABLE>>, penwidth=0 ];
	pod_rs1_pod3 [ label=<<TABLE BORDER="0"><TR><TD><IMG SRC="/testdir/icons/pod-128.png" /></TD></TR><TR><TD>rs1-pod3</TD></TR></TABLE>>, penwidth=0 ];

}
;
	subgraph rank_4 {
	rank=same;
	style=invis;
	4 [ height=0, margin=0, style=invis, width=0 ];

}
;
	subgraph rank_5 {
	rank=same;
	style=invis;
	5 [ height=0, margin=0, style=invis, width=0 ];
	svc_svc1 [ label=<<TABLE BORDER="0"><TR><TD><IMG SRC="/testdir/icons/svc-128.png" /></TD></TR><TR><TD>svc1</TD></TR></TABLE>>, penwidth=0 ];

}
;
	subgraph rank_6 {
	rank=same;
	style=invis;
	6 [ height=0, margin=0, style=invis, width=0 ];
	ing_ing1 [ label=<<TABLE BORDER="0"><TR><TD><IMG SRC="/testdir/icons/ing-128.png" /></TD></TR><TR><TD>ing1</TD></TR></TABLE>>, penwidth=0 ];

}
;

}
;

}
